// Jest Snapshot v1, https://goo.gl/fbAQLP

exports[`renders CarPage 1`] = `
<div>
  <div>
    Loading car...
  </div>
</div>
`;
