// Jest Snapshot v1, https://goo.gl/fbAQLP

exports[`renders EmptyCard 1`] = `
<div>
  <div
    class="MuiPaper-root MuiCard-root MuiPaper-elevation1 MuiPaper-rounded"
  >
    <div
      class="MuiCardContent-root content"
    >
      <div
        class="grey-square"
      />
      <div>
        <div
          class="grey-line"
        />
        <div
          class="grey-line"
        />
        <div
          class="grey-line"
        />
      </div>
    </div>
  </div>
</div>
`;
